stand/EVOLUTION_stand_u_cm_np1_fr_med_7.avi*42
kiss/TVs_Best_Kisses_Top_50-_(40_to_31)_kiss_h_nm_np2_le_med_2.avi*22
fencing/The_Three_Musketeers_(1993)_Final_Battle_2_3_fencing_u_cm_np1_fr_bad_0.avi*13
somersault/Paul_Hamm_on_Floor_Exercise_at_2008_Pacific_Rim_somersault_f_cm_np1_ba_med_1.avi*41
smoke/you_like_a_nice_long_white_cig_smoke_u_nm_np1_ri_goo_2.avi*40
jump/Learn_Freerunning_and_Parkour__-_Diving_Kong_jump_f_cm_np1_le_bad_0.avi*19
punch/BoxingTipsHowtoBuildPunchingPower_punch_u_cm_np1_fr_goo_2.avi*27
walk/The_Fugitive_2_walk_u_cm_np1_fr_med_13.avi*49
sit/Crash_sit_f_cm_np1_fr_med_5.avi*37
kick/kick__Best_fight_scene_of_all_time_kick_f_cm_np1_le_bad_9.avi*21
catch/Torwarttraining_3_(_sterreich)_catch_f_nm_np1_fr_med_5.avi*2
somersault/Le_Parkour_et_Accros_Kevin_Ryser_2008-2009_somersault_f_nm_np1_le_med_0.avi*41
throw/KnifeThrowingJackDaggerDemoReel_throw_f_nm_np1_le_med_4.avi*47
situp/How_to_Train_for_Boxing_-_Sit_Up_Techniques_for_Boxing_Training_situp_f_cm_np1_le_med_2.avi*38
kick/kick__bruce_lee_v_s_japanese_kick_u_cm_np1_ri_bad_0.avi*21
shoot_gun/TanyaShooting_shoot_gun_u_nm_np1_ba_med_0.avi*36
hit/xbox_360_massive_destruction_hit_f_cm_np1_ri_bad_0.avi*17
hit/Vorschlaghammer__die_Erste_hit_f_cm_np1_ri_bad_1.avi*17
kick/THE_PROTECTOR_kick_f_cm_np1_ri_med_66.avi*21
ride_horse/ChelseaLately-Chelsea_ride_horse_f_cm_np1_le_med_5.avi*31
walk/Man_Who_Cheated_Himself_512kb_walk_f_cm_np1_ba_med_15.avi*49
run/RushHour2_run_u_cm_np1_fr_bad_4.avi*32
run/likebeckam_run_f_cm_np1_le_med_23.avi*32
sword/Fechten_mit_dem_langen_Schwert_sword_u_cm_np2_fr_med_4.avi*45
walk/Hitch_Part_1_walk_u_nm_np1_fr_med_7.avi*49
laugh/Best_Of_Skype_Laughter_Chain_laugh_h_nm_np1_fr_med_0.avi*23
hug/Calins_gratuits_a_Paris_-_Free_Hugs_France_-_version_longue_hug_f_cm_np2_le_med_20.avi*18
shoot_bow/Two_Towers_4_shoot_bow_f_nm_np1_le_med_1.avi*35
laugh/The_Matrix_Revolutions_2_laugh_h_nm_np1_fr_goo_5.avi*23
walk/Crash_walk_f_nm_np1_fr_med_29.avi*49
pullup/Super_Training_Pull_Ups_pullup_f_cm_np1_ba_med_1.avi*26
fall_floor/KUNG_FU_HUSTLE_fall_floor_u_cm_np1_fr_med_8.avi*12
drink/AllThePresidentMen_drink_u_nm_np1_fr_goo_4.avi*10
push/Cross_Pushing_Table_push_f_cm_np1_fr_bad_1.avi*28
pour/Bottoms_Up_-_Bartending_Lesson__The_Margarita!_pour_u_nm_np1_fr_goo_0.avi*25
punch/THE_PROTECTOR_punch_u_cm_np1_fr_med_7.avi*27
somersault/Learn_Freerunning_and_Parkour_-_Diving_Roll_somersault_f_nm_np1_fr_bad_3.avi*41
handstand/Uni-Koblenz_Normfreies_Turnen__WS_05_06__Pr_fung_handstand_f_cm_np1_ri_bad_2.avi*16
walk/TheLastManOnearth_walk_f_cm_np1_ri_med_15.avi*49
brush_hair/brushing_hair_brush_hair_f_nm_np2_ri_goo_3.avi*0
punch/PracticingBoxingonaDoubleEndBag-LeadRightwithaHook_punch_u_nm_np1_fr_med_3.avi*27
drink/The_Departed_-_Part_2_drink_u_nm_np1_fr_bad_0.avi*10
turn/TheBoondockSaints_turn_u_nm_np1_ba_med_32.avi*48
hit/Mac_Smashing_hit_f_cm_np1_le_bad_2.avi*17
walk/LONGESTYARD_walk_f_cm_np1_ri_med_7.avi*49
hug/-_FREE_HUGS_-_Abrazos_Gratis_www_abrazosgratis_org_hug_u_cm_np2_ba_goo_10.avi*18
sword_exercise/Eishin-Ryu_Iaido_sword_exercise_f_cm_np1_ri_bad_1.avi*44
punch/PracticingBoxingonaDoubleEndBag-LeadRightwithaHook_punch_u_nm_np1_fr_med_14.avi*27
dive/Bridge_diving_in_Mostar_dive_f_cm_np1_ri_bad_0.avi*7
shoot_ball/ImprovingBasketballSkills-BasketballNBA3-PointShots_shoot_ball_f_nm_np1_ri_med_1.avi*34
cartwheel/Mirco_turnt_die_5_2_LAD___Schraube_rw_cartwheel_f_cm_np1_ri_med_3.avi*1
clap/Applauding_Abby_clap_u_nm_np1_fr_med_1.avi*4
hit/Vorschlaghammer_gegen_Kudugal_hit_f_cm_np1_ba_bad_3.avi*17
kiss/BestKisses_kiss_h_cm_np2_ri_goo_14.avi*22
shoot_gun/AprilshootinganMP5_shoot_gun_u_nm_np1_ri_med_0.avi*36
draw_sword/Albion_Mercenary_Draw_Cutting_(From_the_Scabbard)_draw_sword_u_cm_np1_fr_med_2.avi*8
hug/Free_Hugs_-_Medellin_hug_f_cm_np2_le_med_0.avi*18
dribble/Explosive_Guard_Dribbling_Basketball_Workout_(Jason_Otter)_dribble_f_cm_np1_ri_med_6.avi*9
smile/YouTube_smiles!_smile_h_nm_np1_fr_med_4.avi*39
sit/IamLegend_sit_u_cm_np1_ri_med_11.avi*37
walk/IamLegend_walk_f_nm_np1_ba_med_4.avi*49
sword_exercise/Samurai_Sword_Techniques_-_Samurai_Sword_Slashes_sword_exercise_u_nm_np1_fr_med_1.avi*44
hug/Emma_2008_Eurofinals_-_prize_giving_ceremony_Team_Pioneer_members_divx_hug_f_cm_np2_ba_med_11.avi*18
run/20060723sfjffangelina_run_f_nm_np1_ri_med_1.avi*32
shoot_ball/WeTheKingsplaying_shoot_ball_u_cm_np1_ri_med_1.avi*34
throw/Faith_Rewarded_throw_f_nm_np1_ba_bad_79.avi*47
run/HP_PRISONER_OF_AZKABAN_run_f_cm_np1_ba_bad_30.avi*32
run/Return_of_the_King_4_run_f_cm_np1_ri_med_5.avi*32
sword/_Kill_Bill__Uma_Thruman_sword_fight_with_Lucy_liu_sword_f_nm_np2_ri_med_0.avi*45
walk/TheLastManOnearth_walk_f_nm_np1_fr_med_53.avi*49
hit/Failure_of_Printers_(printer_destruction_video)_hit_f_cm_np1_ri_bad_0.avi*17
stand/BLACK_HAWK_DOWN_stand_u_cm_np1_fr_med_6.avi*42
walk/WeddingCrashers_walk_u_nm_np1_fr_med_1.avi*49
swing_baseball/Faith_Rewarded_swing_baseball_f_nm_np1_le_bad_25.avi*43
catch/How_to_Pass_in_Basketball_catch_f_cm_np1_le_bad_0.avi*2
fencing/AHF_Rapier_fencing_f_cm_np2_ba_bad_5.avi*13
shake_hands/Pittsburgh_Penguins_Awards_Ceremony_2009_shake_hands_u_cm_np2_le_med_0.avi*33
punch/Veoh_Alpha_Dog_1_punch_u_cm_np1_ba_med_52.avi*27
hit/Atlantis-__Hit_Me_With_Your_Rhythm_Stick__hit_u_cm_np1_ba_bad_3.avi*17
swing_baseball/Fellowship_7_swing_baseball_u_nm_np1_fr_bad_14.avi*43
handstand/K!_Tour_08-_NORWICH_Madina_handstand_competition_handstand_f_cm_np1_le_med_0.avi*16
clap/Boom_Snap_Clap_clap_u_nm_np1_fr_med_0.avi*4
walk/AmericanGangster_walk_f_nm_np1_fr_med_32.avi*49
climb/Bristol_UCR_roof_climb_climb_f_cm_np1_ba_bad_0.avi*6
run/BLACK_HAWK_DOWN_run_l_nm_np1_ba_med_16.avi*32
hit/TrumanShow_hit_u_cm_np1_ba_bad_31.avi*17
cartwheel/park_cartwheel_f_cm_np1_ba_med_0.avi*1
cartwheel/Gymnastics_-_How_to_Do_a_Perfect_Cartwheel_cartwheel_f_cm_np1_le_med_1.avi*1
walk/NOVA_ELEGANTUNIVERSE2_walk_u_nm_np1_ri_med_3.avi*49
swing_baseball/MattBoldenDoubles(SlowMotion)_swing_baseball_f_cm_np1_fr_bad_0.avi*43
ride_bike/Radfahren_um_die_Aggertalsperre_06_09_2009_ride_bike_f_cm_np1_fr_med_10.avi*30
dribble/Basketball_Dribbling_Tips__2_dribble_f_cm_np1_fr_med_1.avi*9
shoot_ball/LeeHomandBlackieplayingbasketball_shoot_ball_u_cm_np1_le_med_2.avi*34
sit/HP_PRISONER_OF_AZKABAN_sit_f_cm_np1_fr_med_20.avi*37
eat/CharlieAndTheChocolateFactory_eat_h_nm_np1_fr_goo_21.avi*11
climb/DM_Sportklettern_2006-_Qualifikation_-_Andreas_Bindhammer_climb_f_cm_np1_ba_med_2.avi*6
draw_sword/Raito_Kata_from_Shindo_Munen_Ryu_Instructional_Video_draw_sword_f_nm_np1_fr_med_1.avi*8
walk/TheLittleShopofHorrors_walk_u_nm_np1_fr_med_9.avi*49
drink/BLACK_HAWK_DOWN_drink_u_nm_np1_fr_goo_4.avi*10
brush_hair/Brushing_my_Long_Hair__February_2009_brush_hair_u_nm_np1_fr_goo_0.avi*0
sword/Gohatto_-_sword_fight_scene_sword_f_cm_np2_ba_med_3.avi*45
run/TheLastManOnearth_run_f_nm_np1_fr_med_30.avi*32
climb_stairs/Braune_Stiefel_brown_boots_hot_high_heels_Treppen_steigen_Down-_and_upstairs_climb_stairs_l_cm_np1_ba_med_0.avi*5
handstand/hand_stand_handstand_f_cm_np1_ba_med_0.avi*16
kick/kick__bruce_lee_v_s_japanese_kick_u_cm_np1_le_bad_16.avi*21
talk/Prelinger_FamilyLi1949_talk_h_nm_np1_fr_goo_25.avi*46
hit/HARD_FACE_SLAP_COMPILATION_hit_u_cm_np1_ba_bad_1.avi*17
walk/20070723_sfjff_waitingforrescue_walk_f_nm_np1_ba_med_1.avi*49
shake_hands/johnny_depp_Oscar_Annual_Academy_Awards_shake_hands_u_cm_np2_le_bad_0.avi*33
chew/AMADEUS_chew_h_nm_np1_fr_goo_7.avi*3
pour/Traditional_Chinese_Tea_Ceremony_(Chinese)_pour_u_cm_np1_fr_med_2.avi*25
jump/le_parkour_kl_jump_l_nm_np1_ri_bad_0.avi*19
drink/BATMAN_BEGINS_drink_u_nm_np1_fr_goo_12.avi*10
walk/NOVA_ELEGANTUNIVERSE2_walk_f_nm_np1_ba_med_0.avi*49
shake_hands/Emma_2008_Eurofinals_-_prize_giving_ceremony_Team_Pioneer_members_divx_shake_hands_f_cm_np2_le_med_1.avi*33
walk/50_FIRST_DATES_walk_u_cm_np1_le_med_2.avi*49
pushup/Angela_pushup_u_cm_np1_le_med_2.avi*29
handstand/Monikas_Staatsexamen__Turnen_handstand_f_cm_np1_ba_med_2.avi*16
shake_hands/Paramotor_Worlds_2009-_Prize_Giving_Ceremony_shake_hands_f_cm_np2_ba_med_1.avi*33
dive/50_FIRST_DATES_dive_f_cm_np1_ri_bad_32.avi*7
clap/Veoh_Alpha_Dog_1_clap_u_nm_np1_fr_goo_62.avi*4
fencing/Rapier_vs_longsword_Mike_fencing_f_cm_np2_ri_bad_0.avi*13
brush_hair/Brushing_hair__the_right_way_brush_hair_u_nm_np1_fr_goo_1.avi*0
sit/Oceans13_sit_u_nm_np1_fr_med_1.avi*37
turn/SweeneyTodd_turn_u_nm_np1_ba_med_6.avi*48
pick/americanthrift1_pick_u_cm_np1_fr_med_1.avi*24
golf/golf_golf_f_nm_np1_ri_goo_1.avi*15
shake_hands/Johnny_Vegas_Presents_An_Award_shake_hands_u_cm_np2_ri_med_1.avi*33
cartwheel/Ein_guter_Radschlag_cartwheel_f_cm_np1_ba_med_5.avi*1
shoot_bow/11408ErikaRecurvefront_shoot_bow_u_nm_np1_fr_med_1.avi*35
wave/EVOLUTION_wave_u_nm_np1_fr_med_18.avi*50
walk/Prelinger_ActYourA1949_walk_u_cm_np1_le_med_7.avi*49
smoke/Raucher_Antiraucher_Werbung_smoke_u_cm_np1_fr_med_0.avi*40
turn/Hitch_Part_2_turn_u_cm_np1_ba_med_2.avi*48
flic_flac/Meto_Demo_BHS__Flick_Flack_flic_flac_f_cm_np1_ri_med_5.avi*14
ride_bike/1996_Tour_de_France_-_Indurain_Cracks_ride_bike_f_cm_np1_ri_med_3.avi*30
talk/prelinger_LetsPlay1949_talk_h_nm_np1_fr_goo_17.avi*46
walk/TheLittleShopofHorrors_walk_f_nm_np1_ba_med_3.avi*49
somersault/Rolle_aufm_Balken_somersault_f_cm_np1_le_med_0.avi*41
jump/Goalkeeper_Felix_Schwake_jump_f_cm_np1_le_bad_6.avi*19
draw_sword/Albion_Mercenary_Draw_Cutting_(From_the_Scabbard)_draw_sword_u_cm_np1_fr_med_1.avi*8
shoot_bow/Fellowship_5_shoot_bow_h_cm_np1_fr_med_7.avi*35
push/pushing_box_car_on_train_push_f_cm_np5_ba_bad_0.avi*28
climb/Rock_Climbing_Nationals_08_Emily_Harrington_and_Lauren_Lee_climb_f_cm_np1_ba_med_2.avi*6
turn/OldSchool_turn_f_nm_np1_fr_med_22.avi*48
swing_baseball/BaseballSwingAnalysis_swing_baseball_f_nm_np1_fr_med_12.avi*43
pullup/Proper_Way_to_Do_Pull_Ups_pullup_u_nm_np1_ri_goo_4.avi*26
walk/The_House_on_Haunted_Hill_walk_f_cm_np1_fr_med_18.avi*49
laugh/Best_Of_Skype_Laughter_Chain_laugh_h_nm_np4_fr_med_25.avi*23
drink/Juno_drink_h_nm_np1_fr_goo_0.avi*10
fall_floor/American_History_X_fall_floor_f_cm_np1_le_bad_1.avi*12
laugh/big_al_and_gaz_Skype_Laughter_Chain_laugh_h_cm_np1_ri_bad_0.avi*23
fall_floor/THE_PROTECTOR_fall_floor_f_nm_np1_fr_goo_10.avi*12
walk/21_walk_u_cm_np1_fr_med_7.avi*49
walk/The_Fugitive_2_walk_f_cm_np1_fr_med_5.avi*49
shoot_bow/Shootingarecurve_shoot_bow_u_cm_np1_fr_med_5.avi*35
sword_exercise/samurai_training_sword_exercise_f_cm_np1_fr_med_12.avi*44
cartwheel/Monica_cartwheel_f_cm_np1_le_med_0.avi*1
clap/Faith_Rewarded_clap_u_cm_np1_fr_med_43.avi*4
sword/David_Carradine_vs__Michael_Jai_White_sword_u_nm_np2_fr_med_0.avi*45
hug/Calins_gratuits_a_Paris_-_Free_Hugs_France_-_version_longue_hug_u_cm_np3_le_med_28.avi*18
shake_hands/Hand_Shake_Guy_shake_hands_u_nm_np2_le_med_0.avi*33
walk/MeettheParents_walk_u_cm_np1_fr_med_7.avi*49
push/Pushing_train_-_Me_and_my_friend_-_Worlds_strongest_men_push_f_cm_np2_ri_bad_0.avi*28
shoot_bow/Updatedvideoofmeshootingteamusaarchery_shoot_bow_u_cm_np1_ri_med_4.avi*35
drink/AmericanGangster_drink_u_cm_np1_fr_med_36.avi*10
swing_baseball/practicingmybaseballswing2009_swing_baseball_f_cm_np1_fr_med_2.avi*43
situp/situps_situp_f_nm_np1_ri_med_3.avi*38
shake_hands/Pambos_and_Maria_at_the_Slavi_s_Show_shake_hands_f_cm_np2_le_bad_1.avi*33
climb_stairs/Running_Up_Stairs_climb_stairs_l_nm_np1_ba_med_3.avi*5
pullup/Metaphysics_Pull_up_specialist_pullup_u_cm_np1_fr_med_5.avi*26
turn/ThePerfectScore_turn_u_nm_np1_ba_med_6.avi*48
turn/Veoh_Alpha_Dog_1_turn_u_nm_np2_ba_med_45.avi*48
walk/likebeckam_walk_f_nm_np1_ba_med_9.avi*49
walk/BuddhaPainter_walk_u_cm_np1_ba_bad_0.avi*49
flic_flac/turnles!!_flic_flac_f_cm_np1_le_med_5.avi*14
stand/RETURN_OF_THE_KING_stand_f_cm_np1_ri_med_0.avi*42
dive/Dive_Roll_dive_u_cm_np1_fr_bad_2.avi*7
walk/TheBoondockSaints_walk_u_cm_np1_ri_med_50.avi*49
shake_hands/Meet_shake_hands_u_cm_np2_le_med_1.avi*33
wave/MUSE_Wave_Goodbye_in_Wembley_wave_u_cm_np3_fr_med_1.avi*50
ride_horse/ChelseaLately-Chelsea_ride_horse_u_nm_np1_ba_med_1.avi*31
climb/Pole_climbing_World_Championships_climb_f_nm_np1_ba_goo_0.avi*6
kick/THE_PROTECTOR_kick_f_cm_np1_ba_med_63.avi*21
brush_hair/brush_my_hair_without_wearing_the_glasses_brush_hair_u_nm_np1_fr_goo_1.avi*0
walk/CastAway1_walk_f_cm_np1_ba_med_1.avi*49
sword/Obi-Wan_Kenobi__Anakin_Skywalker_and_Yoda_vs__Count_Dooku_sword_u_cm_np2_ri_bad_0.avi*45
eat/20060723sfjffsomelikeitwarmed_eat_u_cm_np1_fr_med_2.avi*11
dive/Marc_-_K_pfer_-_1m_dive_f_cm_np1_le_bad_0.avi*7
cartwheel/Acrobacias_de_un_fenomeno_cartwheel_f_cm_np1_ba_bad_8.avi*1
ride_horse/Caspar_ride_horse_f_cm_np1_le_med_5.avi*31
clap/Flamenco_Dance_Steps_-_Flamenco_Dance_Soft_Claps_clap_u_cm_np1_fr_goo_1.avi*4
somersault/48_Putzelb_ume_hintereinander_Mare_somersault_f_cm_np1_le_bad_1.avi*41
turn/WhatDreamsMayCome_turn_u_cm_np1_ba_med_2.avi*48
somersault/Bodenk_r_somersault_f_cm_np1_le_med_4.avi*41
ride_horse/Return_of_the_King_4_ride_horse_f_cm_np1_ba_bad_8.avi*31
walk/Veoh_Alpha_Dog_1_walk_f_nm_np2_fr_med_39.avi*49
sword/The_Last_Samurai_-_In_Your_Honor_sword_f_nm_np3_fr_bad_0.avi*45
climb_stairs/H_I_I_T__Swamis_stairs_with_Max_Wettstein_featuring_Donna_Wettstein_climb_stairs_f_cm_np1_fr_med_8.avi*5
run/Hitch_Part_2_run_f_cm_np1_fr_med_8.avi*32
shake_hands/Emma_2008_Eurofinals_-_prize_giving_ceremony_Team_Pioneer_members_divx_shake_hands_f_cm_np2_le_med_9.avi*33
golf/Golf_Swing_#6Iron_golf_f_cm_np1_fr_med_0.avi*15
climb_stairs/Bruno_Walks_up_Stairs_-_Chicago_Dog_Training_-_We_can_teach_ANYTHING_to_a_dog!!!!_climb_stairs_f_cm_np1_fr_med_1.avi*5
somersault/Boden-K_r_somersault_f_cm_np1_ri_med_3.avi*41
sit/Sixthsense_sit_u_cm_np1_fr_med_3.avi*37
climb/Janini_an_der_Kletterwand_climb_f_cm_np1_ba_med_2.avi*6
laugh/Weird_Laugh_laugh_h_nm_np1_fr_goo_1.avi*23
climb/Climbing_roof_in_TCA_climb_f_cm_np1_ba_med_0.avi*6
drink/GoneBabyGone_drink_u_cm_np1_le_med_2.avi*10
sword_exercise/Eishin-Ryu_Iaido_sword_exercise_f_cm_np1_ri_bad_3.avi*44
shake_hands/qane_e_Boyko_Borisov_shake_hands_f_cm_np2_le_med_0.avi*33
hug/-_FREE_HUGS_-_Abrazos_Gratis_www_abrazosgratis_org_hug_u_cm_np2_le_goo_0.avi*18
draw_sword/The_Three_Musketeers_(1993)-_The_First_Fight_draw_sword_u_cm_np4_fr_med_0.avi*8
pullup/50_pull_ups_made_in_germany_pullup_f_nm_np1_le_med_2.avi*26
kick/kick__bruce_lee_v_s_japanese_kick_f_cm_np1_le_bad_19.avi*21
eat/Two_Towers_1_eat_h_nm_np1_fr_goo_0.avi*11
walk/BIG_FISH_walk_f_nm_np1_ba_med_12.avi*49
hug/Calins_gratuits_a_Paris_-_Free_Hugs_France_-_version_longue_hug_u_cm_np2_le_med_23.avi*18
somersault/Rush_Hour_4_Turnk_r_somersault_f_cm_np2_le_med_0.avi*41
ride_bike/David_beim_Fahrrad_fahren_X_x_ride_bike_f_cm_np1_fr_med_3.avi*30
climb/(HQ)_Rock_Climbing_-_Free_Solo_Speed_Climb_-_Dan_Osman_climb_f_cm_np1_le_med_1.avi*6
walk/likebeckam_walk_f_nm_np1_ri_med_34.avi*49
pour/Intro_to_Bartending_-_Lesson_2-Highball_Drinks_pour_u_nm_np1_ri_med_2.avi*25
climb/(HQ)_Rock_Climbing_-_Free_Solo_Speed_Climb_-_Dan_Osman_climb_f_cm_np1_le_med_2.avi*6
somersault/Bodenk_r_somersault_f_cm_np1_fr_med_5.avi*41
somersault/Dive_and_roll_compilation_(Parkour)_somersault_f_cm_np1_le_bad_4.avi*41
cartwheel/Ein_guter_Radschlag_cartwheel_f_nm_np1_le_med_4.avi*1
dive/Bungee_Jumping_in_Switzerland_-_Compilation_Part_1_dive_f_cm_np1_fr_bad_1.avi*7
sit/AmericanGangster_sit_f_cm_np1_le_bad_11.avi*37
hug/Calins_gratuits_a_Paris_-_Free_Hugs_France_-_version_longue_hug_u_cm_np2_le_med_17.avi*18
dive/Bridge_diving_in_Mostar_dive_f_cm_np2_fr_bad_4.avi*7
shoot_gun/Italian_Job_1_shoot_gun_u_nm_np1_fr_med_3.avi*36
turn/Shadow_of_a_Doubt_turn_u_nm_np1_ba_med_14.avi*48
sit/Oceans12_sit_u_cm_np1_le_med_0.avi*37
ride_bike/Kraftwerk_-_Tour_de_france_1983_Alternative_video_ride_bike_f_cm_np4_fr_med_2.avi*30
swing_baseball/Faith_Rewarded_swing_baseball_f_cm_np1_ba_bad_20.avi*43
turn/WeddingCrashers_turn_h_nm_np1_ri_med_2.avi*48
shake_hands/Paramotor_Worlds_2009-_Prize_Giving_Ceremony_shake_hands_f_cm_np2_ri_med_0.avi*33
cartwheel/Bodenturnen_2004_cartwheel_f_cm_np1_le_med_0.avi*1
pullup/Pull_ups-_77_for_8_minutes_without_rest_pullup_u_cm_np1_fr_bad_0.avi*26
shoot_bow/JuanReneSerranoSemifinal_shoot_bow_u_cm_np1_fr_goo_7.avi*35
chew/Wanda_Su_and_niece__T__blowing_bubbles_chew_u_nm_np2_fr_med_1.avi*3
walk/AmericanGangster_walk_f_nm_np1_fr_med_73.avi*49
clap/Glory_clap_h_nm_np1_fr_med_52.avi*4
laugh/Best_Of_Skype_Laughter_Chain_laugh_h_nm_np4_fr_bad_28.avi*23
push/Cross_Pushing_Table_push_f_cm_np1_ba_bad_2.avi*28
handstand/Handstand_Competition_handstand_f_cm_np1_le_med_1.avi*16
clap/#20_Rhythm_clap_u_nm_np1_fr_goo_1.avi*4
shake_hands/RailsConf_09-___Ruby_Heroes_Award_Ceremony__shake_hands_u_cm_np2_le_med_0.avi*33
run/A_Beautiful_Mind_4_run_f_cm_np1_ba_med_9.avi*32
shoot_ball/Finding_Forrester_3_shoot_ball_f_nm_np2_ba_med_8.avi*34
swing_baseball/Faith_Rewarded_swing_baseball_f_nm_np1_fr_bad_88.avi*43
walk/A_Beautiful_Mind_3_walk_f_cm_np2_fr_med_3.avi*49
sword_exercise/Eishin-Ryu_Iaido_sword_exercise_f_cm_np1_fr_bad_13.avi*44
walk/Catch_Me_If_You_Can_walk_u_cm_np1_fr_med_1.avi*49
shake_hands/Celebrated_Israeli_Author_Snubs_Olmert_at_Prize_Giving_Ceremony_shake_hands_u_cm_np2_ba_med_1.avi*33
sword/Best_Sword_Fights_-_Vol__1_-__Rob_Roy__sword_f_cm_np2_ba_bad_0.avi*45
ride_horse/Paula_sHorsebackRidingLesson!7_22_08_ride_horse_f_cm_np1_ri_med_5.avi*31
hug/Calins_gratuits_a_Paris_-_Free_Hugs_France_-_version_longue_hug_f_cm_np2_ba_med_0.avi*18
dribble/Basketball_Dribbling_-_Basketball_Dribbling-_Practice_With_2_Balls_dribble_f_nm_np2_fr_med_1.avi*9
drink/Veoh_Alpha_Dog_2_drink_u_nm_np1_fr_goo_5.avi*10
