walk/UNREPEATABLE_walk_f_nm_np1_le_med_0.avi*49
jump/Arrasando_no_Le_Parkour_jump_f_nm_np1_le_med_2.avi*19
hug/Calins_gratuits_a_Paris_-_Free_Hugs_France_-_version_longue_hug_u_cm_np2_ba_med_24.avi*18
sword_exercise/Highlander_Sword_School_wmv_sword_exercise_f_cm_np2_fr_med_8.avi*44
wave/BIG_FISH_wave_u_nm_np1_fr_goo_9.avi*50
hug/Emma_2008_Eurofinals_-_prize_giving_ceremony_Team_Pioneer_members_divx_hug_f_cm_np2_ba_med_11.avi*18
kick/THE_PROTECTOR_kick_f_cm_np1_ba_med_69.avi*21
flic_flac/anna_turnen_flic_flac_f_cm_np1_ri_bad_1.avi*14
dive/K_pfer_Basti_dive_f_cm_np1_ba_bad_0.avi*7
shake_hands/2008-2009_Folk_Song_Singing_Competition_Prize_Giving_Ceremony_shake_hands_f_cm_np2_ba_bad_1.avi*33
stand/Crash_stand_f_nm_np1_le_bad_25.avi*42
cartwheel/Cartwheel_Competition_cartwheel_f_cm_np1_ri_med_1.avi*1
hug/Calins_gratuits_a_Paris_-_Free_Hugs_France_-_version_longue_hug_u_cm_np2_le_med_17.avi*18
dribble/Explosive_Guard_Dribbling_Basketball_Workout_(Jason_Otter)_dribble_f_cm_np1_fr_med_0.avi*9
cartwheel/park_cartwheel_f_cm_np1_ba_med_0.avi*1
run/THE_PROTECTOR_run_f_cm_np1_ba_med_44.avi*32
jump/Sam_Cooksey_Goalkeeper_Training_jump_f_cm_np1_le_bad_11.avi*19
shoot_ball/10YearOldYouthBasketballStarBaller_shoot_ball_f_nm_np1_ba_med_13.avi*34
turn/LONGESTYARD_turn_u_nm_np1_ba_med_11.avi*48
walk/LONGESTYARD_walk_f_cm_np1_ri_med_7.avi*49
pour/Bartender_School_Students_Practice_pour_u_cm_np1_fr_med_3.avi*25
shake_hands/IPL_Awards_Ceremony_shake_hands_f_cm_np2_le_med_4.avi*33
kick/TheBoondockSaints_kick_u_nm_np1_fr_bad_122.avi*21
kick/KUNG_FU_HUSTLE_kick_f_cm_np1_fr_med_44.avi*21
shake_hands/Meet_shake_hands_u_cm_np2_le_med_1.avi*33
jump/Parkour-_Diving_Kong_jump_u_cm_np1_ri_bad_0.avi*19
dive/GoalKeeper_Training_2_dive_f_cm_np1_ri_bad_3.avi*7
stand/Panic_in_the_Streets_stand_f_nm_np1_fr_med_8.avi*42
golf/Meena_Lee_golf_f_cm_np1_ba_med_1.avi*15
pullup/Basic_Exercise_Plans_-_How_to_Do_a_Pull-Up_pullup_f_cm_np1_le_goo_1.avi*26
chew/Mr__Bubblegum_chew_h_nm_np1_fr_med_0.avi*3
drink/CharlieAndTheChocolateFactory_drink_h_nm_np1_fr_goo_26.avi*10
chew/Bubblegum_Bubbles_chew_h_cm_np1_fr_bad_0.avi*3
ride_bike/Radfahren_um_die_Aggertalsperre_06_09_2009_ride_bike_f_cm_np1_le_med_5.avi*30
laugh/Skype_Laughter_Chain_laugh_u_cm_np1_fr_goo_4.avi*23
talk/veoh_harold_and_kumar_talk_h_nm_np1_fr_goo_12.avi*46
pour/Drink_#18_-_Apple_martini_pour_u_nm_np1_fr_goo_0.avi*25
climb/Kletterwand_climb_f_cm_np1_ba_goo_0.avi*6
walk/TheLastManOnearth_walk_f_cm_np1_le_med_57.avi*49
fall_floor/The_Matrix_6_fall_floor_f_nm_np1_ba_bad_0.avi*12
sword_exercise/samurai_sword_action_lesson_preview_sword_exercise_f_cm_np1_ri_med_2.avi*44
kick/Veoh_Alpha_Dog_1_kick_f_nm_np1_ba_med_48.avi*21
hit/When_It_s_Nice_Out_hit_f_cm_np1_le_bad_0.avi*17
catch/How_to_Play_Wide_Receiver_in_Football_-_How_to_Catch_a_High_Ball_in_Football_catch_f_nm_np1_ri_med_1.avi*2
walk/CastAway1_walk_f_cm_np1_ba_med_18.avi*49
run/TheLastManOnearth_run_f_cm_np1_fr_med_48.avi*32
handstand/Outdoor-Turnen_handstand_f_cm_np1_ba_med_1.avi*16
handstand/Handstand_tutorial_1_handstand_f_nm_np1_ri_med_0.avi*16
walk/Veoh_Alpha_Dog_1_walk_f_nm_np3_ba_med_23.avi*49
hit/Glory_hit_u_nm_np1_ba_med_38.avi*17
pushup/100_Push-ups_Initial_Test_hundredpushups_com_pushup_f_nm_np1_fr_goo_1.avi*29
turn/HP_PRISONER_OF_AZKABAN_turn_u_cm_np1_fr_med_22.avi*48
pick/GardenWiseB256kb_pick_f_nm_np1_le_med_0.avi*24
climb/Jez__roof_climbing_in_Mile_End_climb_f_cm_np1_ba_med_0.avi*6
pick/Pick_Up_Your_Trash!_pick_f_cm_np1_le_med_0.avi*24
catch/Frisbee_catch_f_cm_np1_ri_med_1.avi*2
talk/Fellowship_5_talk_h_nm_np1_fr_goo_1.avi*46
sit/Crash_sit_u_cm_np1_fr_med_19.avi*37
shoot_ball/JashaunKidsWhoRipAmazingBasketball_shoot_ball_f_cm_np1_le_med_5.avi*34
walk/Crash_walk_f_cm_np1_le_med_7.avi*49
shoot_ball/Anamazingbasketballshot_shoot_ball_f_cm_np1_ba_med_0.avi*34
run/RushHour2_run_u_cm_np1_fr_bad_4.avi*32
jump/St__Louis_Goalkeeping__Academy_elite_training_jump_f_cm_np1_le_bad_6.avi*19
walk/Man_Who_Cheated_Himself_512kb_walk_f_nm_np1_fr_bad_14.avi*49
wave/BLACK_HAWK_DOWN_wave_u_nm_np1_ba_goo_19.avi*50
hug/-_FREE_HUGS_-_Abrazos_Gratis_www_abrazosgratis_org_hug_u_cm_np2_ba_goo_8.avi*18
ride_horse/Fellowship_4_ride_horse_u_cm_np1_fr_med_1.avi*31
hug/American_History_X_hug_f_nm_np2_le_med_35.avi*18
punch/LivefreeorDieHard_punch_u_cm_np1_fr_med_1.avi*27
dive/Red_Bull_Cliff_Diving_2009_Croatia_-_Oliver_Pocher_dive_u_cm_np1_ba_bad_0.avi*7
punch/The_Matrix_5_punch_u_cm_np1_le_med_17.avi*27
kick/kick__bruce_lee_v_s_japanese_kick_f_cm_np1_le_bad_19.avi*21
swing_baseball/MarkTeixeiratripleagainstBoston_swing_baseball_f_cm_np1_ba_bad_0.avi*43
turn/The_Fugitive_2_turn_u_cm_np1_fr_med_10.avi*48
brush_hair/Haarek_mmen_brush_hair_h_cm_np1_fr_goo_1.avi*0
walk/Fellowship_6_walk_f_cm_np1_fr_med_11.avi*49
turn/RATRACE_turn_h_nm_np1_ba_med_32.avi*48
flic_flac/Simon_Bodenturnen_flic_flac_f_cm_np1_fr_med_3.avi*14
kiss/Best_Kisses_in_TV_Movies_1_3_kiss_u_nm_np2_le_goo_3.avi*22
eat/KUNG_FU_HUSTLE_eat_h_cm_np1_le_goo_25.avi*11
turn/A_Beautiful_Mind_6_turn_u_cm_np1_ba_med_10.avi*48
punch/RETURN_OF_THE_KING_punch_f_cm_np1_ba_bad_27.avi*27
hug/Free_Hugs_-_Medellin_hug_f_cm_np2_le_med_2.avi*18
walk/20060723sfjffjewgotmail_walk_f_nm_np1_fr_med_1.avi*49
stand/RETURN_OF_THE_KING_stand_f_cm_np1_ri_med_0.avi*42
walk/The_House_on_Haunted_Hill_walk_f_cm_np1_fr_med_18.avi*49
sword/Stage_Combat_4_-_Sword_Fight_sword_f_cm_np2_le_bad_1.avi*45
smoke/Prelinger_LetYours1940_smoke_f_nm_np1_fr_med_6.avi*40
pick/Gattaca_pick_f_nm_np1_ri_med_0.avi*24
throw/Pirates_6_throw_u_cm_np1_fr_med_3.avi*47
handstand/Alisa_-__Handstand_contest_handstand_f_cm_np2_le_med_0.avi*16
laugh/Skype_Laughter_Chain_reaction_1_laugh_f_nm_np3_fr_med_2.avi*23
walk/Oceans12_walk_u_cm_np1_fr_med_5.avi*49
sword/Kendo_sword_f_nm_np2_ba_bad_1.avi*45
pullup/Proper_Way_to_Do_Pull_Ups_pullup_u_nm_np1_ri_goo_3.avi*26
turn/Italian_Job_2_turn_u_nm_np1_ba_med_8.avi*48
hit/Mac_Smashing_hit_f_cm_np1_ri_bad_0.avi*17
shoot_ball/Clay_sBasketballSkillz_shoot_ball_f_nm_np1_ba_med_4.avi*34
turn/21_turn_h_nm_np1_fr_goo_14.avi*48
smile/YouTube_smiles!_smile_h_cm_np1_fr_bad_37.avi*39
kick/kick__Baddest_Fight_Scenes_EVER!_-_Kickboxer_-_Part_1_of_2_kick_f_cm_np1_ba_med_4.avi*21
jump/RATRACE_jump_f_cm_np1_fr_bad_40.avi*19
fall_floor/THE_PROTECTOR_fall_floor_f_nm_np1_fr_med_84.avi*12
walk/Oceans13_walk_f_cm_np1_fr_med_6.avi*49
jump/Documentario_Le_Parkour_Londrina_jump_f_cm_np1_ba_bad_12.avi*19
sword/Kendo_sword_f_nm_np1_fr_bad_5.avi*45
kiss/Best_Kisses_in_TV_Movies_1_3_kiss_h_nm_np2_le_goo_7.avi*22
handstand/Handstand_Competition_3_handstand_f_cm_np1_fr_med_8.avi*16
sit/Crash_sit_f_cm_np1_fr_med_5.avi*37
walk/The_House_on_Haunted_Hill_walk_u_cm_np1_ba_med_15.avi*49
hug/Calins_gratuits_a_Paris_-_Free_Hugs_France_-_version_longue_hug_u_cm_np2_ba_med_13.avi*18
cartwheel/Turn_pr_fung_glaser_schule_cartwheel_f_cm_np1_le_med_4.avi*1
flic_flac/Bodenturnen_2004_flic_flac_f_cm_np1_ri_med_1.avi*14
jump/Sam_Cooksey_Goalkeeper_Training_jump_f_cm_np1_le_bad_9.avi*19
pushup/Chest_Muscle_Group_(for_sexy_arms__shoulders__back_and_abs!)_pushup_u_nm_np1_le_goo_2.avi*29
wave/Wie_man_winkt!!_wave_u_cm_np1_fr_med_0.avi*50
turn/Pirates_5_turn_h_nm_np1_ba_goo_9.avi*48
walk/A_Beautiful_Mind_4_walk_u_cm_np3_fr_med_12.avi*49
handstand/Projekt_SPOHO_2008_-_27_02_08_-_Training-_Bodenk_r_3_handstand_f_cm_np1_le_med_2.avi*16
turn/Two_Towers_5_turn_h_cm_np1_fr_goo_3.avi*48
turn/The_Fugitive_2_turn_u_nm_np1_ba_goo_18.avi*48
somersault/Billie_2007_p8_Boden_somersault_f_cm_np1_ba_bad_0.avi*41
pullup/A_HOT_Marine_Doing_Chinups_pullup_u_cm_np1_le_med_1.avi*26
talk/veoh_harold_and_kumar_talk_h_nm_np1_fr_goo_3.avi*46
kiss/Best_kisses_kiss_h_cm_np2_le_goo_2.avi*22
dribble/Basketball_Dribbling_Tips_dribble_f_cm_np1_ri_med_4.avi*9
ride_bike/Fahrrad_fahren_ride_bike_f_cm_np2_le_med_1.avi*30
climb_stairs/Intense_Cardio_Session-_Stairs_climb_stairs_f_cm_np1_ba_med_1.avi*5
turn/happy_go_lovely_turn_u_nm_np1_fr_med_12.avi*48
handstand/Taiwan_Adventures_4_1_-_Handstand_on_the_Streets_Challenge_at_101_handstand_f_cm_np1_fr_med_0.avi*16
pushup/Day_19__100_Pushups_a_Day_Challenge!_(_Break_Your_Rules_)_pushup_f_nm_np1_fr_goo_2.avi*29
shoot_bow/6arrowswithin30seconds_shoot_bow_f_nm_np1_fr_med_1.avi*35
run/Fellowship_7_run_f_cm_np1_ri_med_15.avi*32
laugh/Laughing_Girl_laugh_u_nm_np1_ri_goo_1.avi*23
drink/Return_of_the_King_2_drink_h_nm_np1_fr_goo_4.avi*10
pour/Cachaca_cocktails_pour_u_nm_np1_fr_med_0.avi*25
jump/Documentario_Le_Parkour_Londrina_jump_f_nm_np1_ri_bad_7.avi*19
swing_baseball/BaseballSwingAnalysis_swing_baseball_u_nm_np1_ba_med_7.avi*43
push/Ashleigh_Staley_Truck_Push_push_f_cm_np1_ba_med_3.avi*28
sit/BRIDGETOTERABITHIA_sit_u_nm_np1_fr_med_4.avi*37
ride_horse/Paula_sHorsebackRidingLesson!7_22_08_ride_horse_f_cm_np1_le_med_2.avi*31
kiss/Best_Kisses_in_TV_Movies_1_3_kiss_h_nm_np2_le_goo_6.avi*22
kick_ball/Banned_Commercials_-_Nike_-_Soccer_vs_ninjas_kick_ball_f_cm_np1_le_med_6.avi*20
stand/Veoh_Alpha_Dog_1_stand_f_nm_np1_fr_med_41.avi*42
draw_sword/19th_Century_Cavalry_Sabre_Draw_draw_sword_u_nm_np1_fr_bad_1.avi*8
draw_sword/Fight_Science_-_Shinkendo_draw_sword_f_cm_np3_fr_med_0.avi*8
kick_ball/likebeckam_kick_ball_f_nm_np1_fr_bad_13.avi*20
smile/YouTube_smiles!_smile_h_cm_np1_fr_bad_5.avi*39
golf/Anthony_Kim_s_drive_hits_spectator_s_butt_-_that_had_to_sting!_golf_f_cm_np1_ri_goo_0.avi*15
fall_floor/TheBoondockSaints_fall_floor_h_cm_np1_ri_bad_117.avi*12
walk/Veoh_Alpha_Dog_1_walk_f_nm_np1_ba_med_36.avi*49
run/The_Fugitive_5_run_f_nm_np1_ba_med_12.avi*32
drink/BLACK_HAWK_DOWN_drink_h_nm_np1_fr_bad_36.avi*10
clap/NotAnotherTeenMovieslowclap_clap_u_cm_np1_fr_med_2.avi*4
walk/OldSchool_walk_f_cm_np1_le_med_1.avi*49
walk/BIG_FISH_walk_f_nm_np1_ba_med_8.avi*49
clap/Hand_Clapping_Game__Bim_Bum__clap_f_nm_np2_fr_med_2.avi*4
swing_baseball/BaseballSwingAnalysis_swing_baseball_f_nm_np1_fr_med_9.avi*43
talk/Return_of_the_King_3_talk_h_nm_np1_fr_goo_2.avi*46
fall_floor/BLACK_HAWK_DOWN_fall_floor_f_cm_np1_ri_med_13.avi*12
run/THE_PROTECTOR_run_f_nm_np1_fr_med_21.avi*32
hit/schrank_kaput_geschlagen_hit_u_cm_np1_ba_bad_3.avi*17
walk/MeettheParents_walk_u_nm_np1_fr_med_6.avi*49
talk/Italian_Job_2_talk_h_nm_np1_fr_med_6.avi*46
fencing/Duel_(The_Sovereigns_Servant)_fencing_f_cm_np2_fr_med_2.avi*13
kick_ball/Nike_Soccer_Commercial_-_Good_vs__Evil_kick_ball_f_cm_np1_fr_med_0.avi*20
turn/The_Fugitive_6_turn_u_cm_np1_le_goo_8.avi*48
climb/Bristol_UCR_roof_climb_climb_f_cm_np1_ba_bad_0.avi*6
eat/Prelinger_HabitPat1954_eat_u_nm_np1_fr_goo_16.avi*11
run/likebeckam_run_f_cm_np1_fr_med_30.avi*32
walk/Catch_Me_If_You_Can_walk_f_cm_np1_fr_med_4.avi*49
situp/Octogen_-_CrossFit_Sydney_Glute_Ham_Situps_1_situp_f_nm_np1_ri_goo_1.avi*38
laugh/laugh__about_skype_laughter_chain_laugh_u_nm_np2_fr_med_1.avi*23
kick/50_FIRST_DATES_kick_f_cm_np1_ba_med_19.avi*21
turn/The_Fugitive_4_turn_u_cm_np1_fr_med_3.avi*48
ride_bike/Kraftwerk_-_Tour_de_france_1983_Alternative_video_ride_bike_l_cm_np1_le_med_3.avi*30
wave/BIG_FISH_wave_u_nm_np1_fr_goo_10.avi*50
laugh/Skype_Laughter_Chain_laugh_h_cm_np1_fr_goo_10.avi*23
somersault/Ger_teturnen_Pr_fung_-_G_S_somersault_f_cm_np1_ri_med_1.avi*41
sword/Kendo_sword_f_nm_np1_fr_bad_7.avi*45
hug/d173_graveyard_call_price_giving_ceremony_hug_u_cm_np2_le_bad_3.avi*18
cartwheel/How_to_Do_an_Aerial_-_Aerial_vs__Cartwheel_cartwheel_f_cm_np1_le_med_0.avi*1
shake_hands/Patricia_Arquette_on_Letterman_2007_shake_hands_f_cm_np2_le_med_0.avi*33
ride_bike/Radfahren_um_die_Aggertalsperre_06_09_2009_ride_bike_f_cm_np1_le_med_3.avi*30
hug/Calins_gratuits_a_Paris_-_Free_Hugs_France_-_version_longue_hug_f_cm_np2_le_med_20.avi*18
smile/YouTube_smiles!_smile_h_nm_np1_fr_med_20.avi*39
brush_hair/brushing_raychel_s_hair_brush_hair_u_cm_np2_ri_goo_1.avi*0
wave/winKen_wave_u_cm_np1_ri_bad_1.avi*50
golf/Michelle_Wie_golf_f_cm_np1_ri_med_0.avi*15
climb/Jez__roof_climbing_in_Mile_End_climb_f_cm_np1_ba_med_2.avi*6
climb_stairs/Outdoor_Agility_Training_-_Outdoor_Stair_Run_Drill_for_Agility_climb_stairs_f_cm_np1_ba_med_1.avi*5
drink/BRIDGETOTERABITHIA_drink_h_nm_np1_fr_goo_3.avi*10
walk/Gossip1953256kb_walk_f_cm_np1_fr_med_1.avi*49
kiss/Best_Kisses_in_TV_Movies_1_3_kiss_h_nm_np2_le_goo_2.avi*22
dribble/Basketball_Dribbling_Drills_-_The_12_Inch_Dribble_Drill_in_Basketball_dribble_f_cm_np1_ri_med_0.avi*9
push/Trevor_pushing_cart_push_f_cm_np1_ri_bad_2.avi*28
sword_exercise/Sword_and_Targe_Solo_Exercises_sword_exercise_f_cm_np1_fr_med_3.avi*44
sit/AmericanGangster_sit_u_cm_np1_le_med_61.avi*37
dribble/Basic_Basketball_Moves_dribble_f_cm_np1_fr_goo_1.avi*9
turn/WeddingCrashers_turn_h_nm_np1_fr_goo_21.avi*48
smile/YouTube_smiles!_smile_h_cm_np1_fr_med_26.avi*39
fencing/The_Avengers__Ralph_Fiennes__fencing_scene_fencing_u_cm_np2_fr_med_1.avi*13
kick/The_Matrix_5_kick_u_nm_np1_fr_bad_14.avi*21
clap/Faith_Rewarded_clap_u_cm_np1_le_med_0.avi*4
hug/A_Beautiful_Mind_4_hug_u_cm_np2_ba_goo_14.avi*18
run/RATRACE_run_f_nm_np1_ri_med_7.avi*32
punch/Return_of_the_King_10_punch_u_cm_np1_ba_med_0.avi*27
dribble/JordanWorld_sbest6yearoldBaller_dribble_f_cm_np1_fr_med_2.avi*9
smoke/Sexy_Smoking_Girl_-_Teen_Smoking_Cigarette_smoke_u_nm_np1_fr_goo_0.avi*40
fall_floor/THE_PROTECTOR_fall_floor_f_nm_np1_ba_bad_94.avi*12
flic_flac/Flic_Flacs_flic_flac_f_cm_np1_ri_med_4.avi*14
swing_baseball/BaseballSwingAnalysis_swing_baseball_f_nm_np1_fr_med_12.avi*43
pour/Bartender_School_Students_Practice_pour_u_cm_np1_fr_med_1.avi*25
drink/TheLastManOnearth_drink_f_cm_np1_ri_med_12.avi*10
fencing/AHF_Rapier_fencing_f_cm_np2_ri_bad_6.avi*13
stand/Oceans13_stand_u_nm_np1_fr_med_9.avi*42
walk/A_Beautiful_Mind_6_walk_u_cm_np2_fr_med_9.avi*49
talk/jonhs_netfreemovies_holygrail_talk_u_nm_np1_le_med_18.avi*46
cartwheel/Acrobacias_de_un_fenomeno_cartwheel_f_cm_np1_fr_bad_5.avi*1
walk/HP_PRISONER_OF_AZKABAN_walk_f_cm_np1_ba_bad_29.avi*49
punch/The_Matrix_5_punch_u_cm_np1_le_med_15.avi*27
shoot_gun/FirearmsTraining_shoot_gun_u_cm_np1_ri_med_8.avi*36
dive/Bungee_Jumping_Europabr_cke_192m_dive_f_cm_np1_ri_bad_2.avi*7
jump/Goalkeeper_Felix_Schwake_jump_f_cm_np1_ri_bad_2.avi*19
handstand/Handstand_Competition_3_handstand_f_cm_np1_le_med_6.avi*16
kick_ball/Banned_Commercials_-_Nike_-_Soccer_vs_ninjas_kick_ball_f_nm_np1_fr_goo_1.avi*20
cartwheel/Cartwheel_Contest_cartwheel_f_cm_np2_fr_med_0.avi*1
somersault/48_Putzelb_ume_hintereinander_Mare_somersault_f_cm_np1_le_bad_1.avi*41
catch/Torwarttraining_catch_f_cm_np1_ba_bad_8.avi*2
stand/20070723_sfjff_waitingforrescue_stand_f_nm_np1_fr_med_0.avi*42
shoot_bow/Updatedvideoofmeshootingteamusaarchery_shoot_bow_u_nm_np1_ba_med_7.avi*35
handstand/Philli_beim_Bodenturnen_handstand_f_cm_np1_ri_bad_4.avi*16
walk/AmericanGangster_walk_f_nm_np1_fr_med_2.avi*49
stand/Panic_in_the_Streets_stand_u_cm_np1_ri_med_2.avi*42
pushup/Chest_Muscle_Group_(for_sexy_arms__shoulders__back_and_abs!)_pushup_u_nm_np1_ri_goo_4.avi*29
climb/Mexican_Climbing_Fence_climb_f_cm_np1_ba_med_2.avi*6
throw/SchoolRulesHowTheyHelpUs_throw_f_nm_np1_ba_med_3.avi*47
kick_ball/Amazing_Soccer_#2_kick_ball_f_cm_np1_fr_bad_6.avi*20
push/pushing_cart_push_f_cm_np1_le_bad_0.avi*28
punch/PracticingBoxingonaDoubleEndBag-LeadRightwithaHook_punch_u_nm_np1_fr_med_13.avi*27
drink/Oceans12_drink_u_nm_np1_fr_goo_15.avi*10
climb_stairs/Treppen_steigen_climb_stairs_f_cm_np1_le_bad_6.avi*5
shoot_bow/11408ErikaRecurvefront_shoot_bow_u_nm_np1_fr_med_1.avi*35
sword/Medieval_sword_fight_sword_f_cm_np2_ri_med_2.avi*45
hit/xbox_360_massive_destruction_hit_f_cm_np1_ri_bad_2.avi*17
eat/DONNIE_DARKO_eat_h_nm_np1_fr_goo_0.avi*11
drink/prideandprejudice1_drink_u_nm_np1_fr_goo_12.avi*10
jump/Goalkeeper_Felix_Schwake_jump_f_cm_np1_ri_bad_1.avi*19
brush_hair/Aussie_Brunette_Brushing_Hair_II_brush_hair_u_nm_np1_ri_med_3.avi*0
throw/Compilationknifethrowing_throw_u_nm_np1_ba_med_0.avi*47
sit/Finding_Forrester_1_sit_u_cm_np1_le_med_9.avi*37
shoot_gun/shooting_shoot_gun_u_nm_np1_le_med_2.avi*36
talk/veoh_harold_and_kumar_talk_h_nm_np1_fr_goo_17.avi*46
walk/AmericanGangster_walk_f_cm_np1_ri_med_50.avi*49
push/Ashleigh_Staley_Truck_Push_push_f_cm_np1_ba_med_2.avi*28
swing_baseball/BaseballSwingAnalysis_swing_baseball_u_nm_np1_fr_med_10.avi*43
pullup/Metaphysics_Pull_up_specialist_pullup_u_cm_np1_fr_med_3.avi*26
sword_exercise/Blade_Of_Fury_-_Scene_1_sword_exercise_u_cm_np1_ri_med_2.avi*44
dribble/JordanWorld_sbest6yearoldBaller_dribble_f_cm_np1_fr_med_1.avi*9
dive/Bungee_Jumping_in_Switzerland_-__Compilation_Part_2_dive_f_cm_np1_fr_bad_1.avi*7
flic_flac/Billie_2007_p8_Boden_flic_flac_f_cm_np1_ri_bad_1.avi*14
walk/Superbad_walk_u_nm_np1_fr_med_0.avi*49
walk/Veoh_Alpha_Dog_1_walk_f_nm_np1_fr_med_27.avi*49
sword/Blood_And_Bone_(sword_fight_Scene)_sword_f_nm_np2_ri_med_1.avi*45
pick/Stevie_And_Lindsay_Picking_Up_Garbage_pick_f_cm_np2_ba_med_2.avi*24
push/micah_pushing_wagon_push_f_cm_np1_le_bad_0.avi*28
drink/Veoh_Alpha_Dog_2_drink_u_nm_np1_fr_goo_5.avi*10
climb_stairs/H_I_I_T__Swamis_stairs_with_Max_Wettstein_featuring_Donna_Wettstein_climb_stairs_f_cm_np3_ba_med_3.avi*5
chew/Sweet_Candy_Bubbles_chew_h_cm_np1_fr_med_1.avi*3
draw_sword/Iaido_draw_sword_f_cm_np2_ri_med_0.avi*8
run/gangboy256kb_run_f_nm_np1_ba_med_1.avi*32
somersault/Bodenk_r_somersault_f_cm_np1_ri_med_6.avi*41
stand/EverythingisIlluminated_stand_f_nm_np1_le_med_2.avi*42
swing_baseball/Faith_Rewarded_swing_baseball_f_cm_np1_fr_bad_29.avi*43
smoke/smoking_again_smoke_h_cm_np1_ba_goo_3.avi*40
ride_bike/Finding_Forrester_5_ride_bike_f_cm_np1_fr_med_0.avi*30
wave/veoh_harold_and_kumar_wave_u_nm_np1_fr_goo_5.avi*50
dribble/AdamandAlvonplayingbasketball1_dribble_f_cm_np1_le_med_3.avi*9
swing_baseball/Faith_Rewarded_swing_baseball_f_nm_np1_ba_bad_50.avi*43
eat/Oceans11_eat_u_cm_np1_fr_med_7.avi*11
kiss/TVs_Best_Kisses_Top_50-_(40_to_31)_kiss_h_nm_np2_le_med_1.avi*22
draw_sword/Raito_Kata_from_Shindo_Munen_Ryu_Instructional_Video_draw_sword_f_nm_np1_fr_med_0.avi*8
run/Man_Who_Cheated_Himself_512kb_run_f_cm_np1_fr_med_8.avi*32
swing_baseball/hittingofftee2_swing_baseball_f_nm_np1_fr_med_9.avi*43
kick/kick__bruce_lee_v_s_japanese_kick_f_cm_np1_le_bad_17.avi*21
dive/Pirates_5_dive_f_cm_np1_fr_bad_6.avi*7
sit/TheLittleShopofHorrors_sit_u_cm_np1_fr_med_4.avi*37
drink/TheBoondockSaints_drink_h_nm_np1_ri_med_16.avi*10
laugh/Best_laugh_ever_laugh_h_cm_np1_fr_goo_1.avi*23
shoot_ball/PlayingBasketball_shoot_ball_f_nm_np1_ri_med_5.avi*34
walk/TheLittleShopofHorrors_walk_u_cm_np1_fr_med_0.avi*49
jump/THE_PROTECTOR_jump_f_nm_np1_ba_bad_11.avi*19
run/THE_PROTECTOR_run_f_cm_np1_ba_med_35.avi*32
smile/YouTube_smiles!_smile_h_nm_np1_fr_goo_14.avi*39
hug/Calins_gratuits_a_Paris_-_Free_Hugs_France_-_version_longue_hug_u_cm_np2_ba_med_3.avi*18
stand/likebeckam_stand_u_nm_np1_fr_goo_33.avi*42
smoke/smoking_2_smoke_h_cm_np1_ba_goo_2.avi*40
ride_horse/ChelseaLately-Chelsea_ride_horse_u_nm_np1_ba_med_1.avi*31
hit/Einde_van_Opel_Kadett_hit_u_cm_np1_fr_bad_0.avi*17
punch/PracticingBoxingonaDoubleEndBag-LeadRightwithaHook_punch_u_nm_np1_fr_med_0.avi*27
drink/AllThePresidentMen_drink_f_nm_np2_ri_med_2.avi*10
fall_floor/KUNG_FU_HUSTLE_fall_floor_f_cm_np1_ba_bad_20.avi*12
cartwheel/Cartwheel_Competition_cartwheel_f_cm_np1_ri_med_5.avi*1
walk/20060723sfjffschmoozer_walk_f_cm_np2_ri_med_0.avi*49
swing_baseball/Faith_Rewarded_swing_baseball_f_nm_np1_le_med_19.avi*43
cartwheel/anna_turnen_cartwheel_f_cm_np1_le_bad_0.avi*1
sword_exercise/Ghost_Dog_Sword_Swinging_Scene_sword_exercise_f_cm_np1_le_med_0.avi*44
shoot_ball/LeeHomandBlackieplayingbasketball_shoot_ball_u_cm_np1_ri_med_3.avi*34
pushup/Push_Ups_1_pushup_f_nm_np1_le_med_2.avi*29
pour/Bier_richtig_einschenken_pour_u_cm_np1_fr_med_0.avi*25
shoot_bow/HannahFront22May08_shoot_bow_u_nm_np1_fr_med_1.avi*35
ride_bike/CSC_and_the_2007__Sydney_to_the_Gong__bike_ride_ride_bike_f_cm_np1_ri_med_0.avi*30
jump/RATRACE_jump_f_nm_np1_ba_bad_30.avi*19
walk/RATRACE_walk_f_nm_np1_fr_med_18.avi*49
shoot_gun/Aplacetoshoot_shoot_gun_u_cm_np1_le_med_2.avi*36
shake_hands/Wrestling_World_Cup_2008_-_FW-_Team_-_Award_Ceremony_shake_hands_u_cm_np2_fr_med_2.avi*33
run/happy_go_lovely_run_f_nm_np1_ba_med_17.avi*32
sit/IamLegend_sit_f_nm_np1_le_med_1.avi*37
turn/The_Fugitive_2_turn_h_nm_np1_le_goo_3.avi*48
walk/Veoh_Alpha_Dog_1_walk_f_nm_np1_ba_med_32.avi*49
flic_flac/Maikel_Flic_Flac_flic_flac_f_cm_np1_ri_med_0.avi*14
stand/happy_go_lovely_stand_u_nm_np1_ri_bad_8.avi*42
hug/-_FREE_HUGS_-_Abrazos_Gratis_www_abrazosgratis_org_hug_u_cm_np2_le_goo_12.avi*18
fall_floor/THE_PROTECTOR_fall_floor_f_cm_np1_le_med_98.avi*12
situp/Tiger_Abs_-_Triple_Sit_Ups_situp_f_nm_np1_le_goo_0.avi*38
hit/Einde_van_Opel_Kadett_hit_f_cm_np1_ri_bad_9.avi*17
catch/Frisbee_catch_f_cm_np1_ri_med_0.avi*2
brush_hair/Brunette_Foxyanya_ultra_silky_long_hair_brushing_hairjob_brush_hair_f_nm_np1_fr_goo_1.avi*0
brush_hair/sarah_brushing_her_hair_brush_hair_h_cm_np1_ri_goo_0.avi*0
smoke/more_smoking_smoke_h_cm_np1_ri_med_0.avi*40
kick/KUNG_FU_HUSTLE_kick_f_cm_np1_fr_med_45.avi*21
cartwheel/Boden_bung_Spoho_Eignungspr_fung_cartwheel_f_cm_np1_ri_med_2.avi*1
walk/TheLastManOnearth_walk_u_nm_np1_fr_med_55.avi*49
catch/Phillies_dad_catches_foul_ball_before_daughter_tosses_it_away_catch_f_cm_np1_ba_bad_0.avi*2
draw_sword/Muso_Jikiden_Eishin_ryu_iaido_draw_sword_f_cm_np1_le_med_4.avi*8
talk/prelinger_ControlY1950_talk_h_nm_np1_ri_goo_16.avi*46
jump/Documentario_Le_Parkour_Londrina_jump_f_nm_np1_le_bad_8.avi*19
talk/Prelinger_HabitPat1954_talk_f_nm_np1_fr_med_7.avi*46
cartwheel/Ein_guter_Radschlag_cartwheel_f_nm_np1_ba_med_0.avi*1
run/20060723sfjffinallseriousness_run_u_cm_np1_fr_med_1.avi*32
drink/RETURN_OF_THE_KING_drink_u_cm_np2_fr_goo_2.avi*10
kiss/Hangingbyamomentfavoritekisses_kiss_u_nm_np2_ri_goo_7.avi*22
shake_hands/IPL_Awards_Ceremony_shake_hands_f_cm_np2_le_med_2.avi*33
laugh/Can_t_stop_laughing_laugh_u_cm_np1_fr_goo_1.avi*23
walk/RETURN_OF_THE_KING_walk_f_cm_np1_fr_med_45.avi*49
flic_flac/6_Flick_Flacks_flic_flac_f_cm_np1_ri_med_1.avi*14
sword/Black_Knight_sword_u_cm_np2_ba_goo_0.avi*45
stand/Shadow_of_a_Doubt_stand_u_cm_np1_fr_med_4.avi*42
clap/boom-snap-clap_clap_u_nm_np1_fr_med_0.avi*4
walk/The_House_on_Haunted_Hill_walk_u_nm_np1_ba_med_10.avi*49
pushup/Angela_pushup_u_cm_np1_le_med_2.avi*29
fall_floor/Superbad_fall_floor_u_nm_np1_ba_bad_3.avi*12
walk/BIG_FISH_walk_f_nm_np1_ri_med_31.avi*49
pick/Prelinger_HabitPat1954_pick_u_nm_np1_le_med_9.avi*24
walk/20060723sfjffjewcy_walk_f_nm_np1_fr_med_0.avi*49
walk/Oceans11_walk_u_cm_np1_fr_med_1.avi*49
turn/ThePerfectScore_turn_u_nm_np1_ba_med_6.avi*48
punch/BoxingTipsHowtoMakeKnucklesStronger_punch_u_cm_np1_ri_goo_1.avi*27
throw/Knifethrowing4knivestogethernospin_throw_u_nm_np1_ba_med_0.avi*47
hit/TrumanShow_hit_u_cm_np1_ba_bad_33.avi*17
turn/TheLittleShopofHorrors_turn_u_cm_np1_ba_med_2.avi*48
somersault/Boden_p8_somersault_f_cm_np1_ba_med_0.avi*41
clap/boom-snap-clap_clap_u_nm_np1_fr_med_1.avi*4
walk/CasinoRoyale_walk_u_nm_np1_le_med_3.avi*49
pour/Rum_Mixed_Drinks-_Part_4_-_How_to_Make_the_Cuba_Libre_Mixed_Drink_pour_u_nm_np1_fr_goo_2.avi*25
jump/New_polish_best_goalkeeper_-_FC_Barcelona_jump_f_cm_np1_le_bad_0.avi*19
golf/Natalie_Gulbis_golf_f_cm_np1_ba_med_0.avi*15
push/Brynley_pushing_Makayla_in_wagon_push_f_cm_np1_ri_bad_1.avi*28
climb_stairs/Running_Up_Stairs_climb_stairs_l_nm_np1_ba_med_2.avi*5
sword_exercise/Cold_Steel_Scottish_Broad_Sword_sword_exercise_u_cm_np1_fr_bad_1.avi*44
somersault/Learn_Freerunning_and_Parkour_-_Diving_Roll_somersault_f_cm_np1_ba_bad_2.avi*41
shoot_gun/TanyaShooting_shoot_gun_u_cm_np1_ri_med_2.avi*36
throw/BaseballPitchingtarget_BaseballPitchingCage_throw_u_nm_np1_ba_med_0.avi*47
pour/Drink_#18_-_Apple_martini_pour_u_nm_np1_fr_goo_2.avi*25
walk/DONNIE_DARKO_walk_f_nm_np1_fr_med_5.avi*49
walk/50_FIRST_DATES_walk_u_nm_np1_ba_med_27.avi*49
swing_baseball/Faith_Rewarded_swing_baseball_f_nm_np1_le_bad_25.avi*43
stand/HP_PRISONER_OF_AZKABAN_stand_f_cm_np1_ri_bad_18.avi*42
chew/Duble_Bubble_Gum_chew_h_cm_np1_fr_bad_0.avi*3
stand/likebeckam_stand_f_nm_np1_fr_med_7.avi*42
kick_ball/metacafe_coolsoccer_kick_ball_u_cm_np1_ba_bad_9.avi*20
hug/Price_giving_ceremony_hug_f_cm_np2_le_med_0.avi*18
jump/A_Beautiful_Mind_1_jump_f_cm_np1_ba_bad_3.avi*19
jump/Two_Towers_6_jump_f_nm_np1_le_bad_8.avi*19
push/Brynley_pushing_Makayla_in_wagon_push_f_cm_np1_ba_bad_3.avi*28
draw_sword/The_Three_Musketeers_(1993)-_The_First_Fight_draw_sword_u_cm_np4_fr_med_0.avi*8
shake_hands/Inter-forum_futsal_tournament__prize_giving_ceremony_shake_hands_u_cm_np2_le_med_1.avi*33
shoot_bow/ArcheryFastShooting_shoot_bow_u_nm_np1_fr_med_8.avi*35
wave/Chris_Benoit_waving_goodbye_wave_u_nm_np1_fr_med_1.avi*50
run/AmericanGangster_run_u_cm_np1_ri_med_65.avi*32
throw/Faith_Rewarded_throw_u_nm_np1_fr_bad_34.avi*47
talk/prelinger_LetsPlay1949_talk_h_nm_np1_fr_goo_18.avi*46
clap/Deutscher_Klatsch_-_The_Clap_-_Lexy_clap_f_cm_np2_ba_med_3.avi*4
drink/TheLastManOnearth_drink_u_nm_np1_fr_goo_7.avi*10
pick/Stevie_And_Lindsay_Picking_Up_Garbage_pick_l_cm_np1_ba_med_1.avi*24
walk/MeettheParents_walk_u_cm_np1_fr_med_1.avi*49
walk/prideandprejudice1_walk_u_nm_np1_le_med_9.avi*49
stand/TheBoondockSaints_stand_u_cm_np3_fr_med_101.avi*42
walk/AmericanGangster_walk_f_nm_np1_fr_med_73.avi*49
clap/Kurt_Kr_mer_-_Klatschen_im_Flugzeug_clap_u_cm_np1_ri_bad_3.avi*4
kick/kick__Best_fight_scene_of_all_time_kick_f_cm_np1_ri_bad_2.avi*21
shake_hands/Emma_2008_Eurofinals_-_prize_giving_ceremony_Team_Pioneer_members_divx_shake_hands_u_cm_np2_le_med_5.avi*33
shoot_bow/Shootingarecurve_shoot_bow_u_nm_np1_fr_med_4.avi*35
hit/A_compilation_of_slaps_hit_f_cm_np1_ba_bad_0.avi*17
turn/310ToYuma_turn_h_nm_np1_ba_med_1.avi*48
push/Pushing_wagon_down_dancing_shortened_push_f_cm_np1_fr_bad_0.avi*28
run/TheBoondockSaints_run_f_cm_np1_ri_med_61.avi*32
run/A_Beautiful_Mind_5_run_u_cm_np1_fr_med_7.avi*32
punch/Crash_punch_h_cm_np1_ri_med_18.avi*27
smoke/American_History_X_smoke_h_nm_np1_fr_goo_29.avi*40
walk/20060723sfjffjewcy_walk_f_nm_np1_fr_med_1.avi*49
shoot_bow/JuanReneSerranoSemifinal_shoot_bow_u_cm_np1_fr_goo_6.avi*35
jump/RushHour2_jump_h_nm_np1_ba_bad_8.avi*19
laugh/Best_Of_Skype_Laughter_Chain_laugh_h_nm_np1_fr_med_18.avi*23
sit/The_Departed_-_Part_1_sit_u_nm_np1_fr_med_9.avi*37
somersault/Boden_bung_Spoho_Eignungspr_fung_somersault_f_cm_np1_le_med_0.avi*41
walk/CastAway1_walk_f_cm_np1_ri_med_13.avi*49
flic_flac/Cati_Flic_Flac_flic_flac_f_cm_np1_ri_med_0.avi*14
climb_stairs/Dummer_Junge_kann_nicht_Treppen_steigen_climb_stairs_f_cm_np1_fr_bad_0.avi*5
drink/WeddingCrashers_drink_h_cm_np1_le_goo_5.avi*10
smoke/Return_of_the_King_1_smoke_h_nm_np1_ri_goo_3.avi*40
laugh/Skype_Laughter_Chain_vid_reaction_laugh_h_nm_np1_fr_goo_2.avi*23
walk/likebeckam_walk_f_nm_np1_ba_med_9.avi*49
situp/How_to_Do_Proper_Situps_situp_f_cm_np1_le_goo_0.avi*38
sit/50_FIRST_DATES_sit_f_cm_np1_fr_med_24.avi*37
kick/THE_PROTECTOR_kick_f_nm_np1_ba_med_77.avi*21
sit/BRIDGETOTERABITHIA_sit_f_nm_np1_fr_med_0.avi*37
turn/HP_PRISONER_OF_AZKABAN_turn_u_nm_np1_ba_med_19.avi*48
dive/BATMAN_BEGINS_dive_f_cm_np1_fr_bad_17.avi*7
smoke/Buckle-Up_smoke_h_cm_np1_ri_goo_0.avi*40
kick_ball/goal_2_part_1_kick_ball_f_cm_np1_ba_bad_0.avi*20
dive/96_Meter_Bungy-Jump__Jauntal_02_dive_f_cm_np1_ri_bad_0.avi*7
turn/TheBoondockSaints_turn_h_nm_np1_ri_med_10.avi*48
pushup/Angela_pushup_u_cm_np1_le_med_1.avi*29
climb/DM_Sportklettern_2006-_Video_Qualifikation_-_Julia_Winter_climb_f_cm_np1_ba_med_1.avi*6
walk/BIG_FISH_walk_f_nm_np1_fr_bad_20.avi*49
run/American_History_X_run_u_cm_np1_ba_med_18.avi*32
fall_floor/BATMAN_BEGINS_fall_floor_f_cm_np1_ba_med_3.avi*12
kick_ball/Goal_1_&_2_kick_ball_f_cm_np1_fr_goo_2.avi*20
swing_baseball/HowtoswingaBaseballbat_swing_baseball_f_nm_np1_le_bad_0.avi*43
throw/LittleChildren_throw_u_nm_np1_fr_med_8.avi*47
jump/Gregoire_Airman_showreel_2008_jump_f_cm_np1_le_bad_2.avi*19
catch/Torwarttraining_Arminia_Bielefeld_catch_f_cm_np1_ba_med_1.avi*2
punch/BoxingTipsHowtoMakeKnucklesStronger_punch_u_cm_np1_ri_goo_2.avi*27
dive/Dive_Roll_dive_u_cm_np1_fr_bad_2.avi*7
run/Two_Towers_1_run_u_cm_np2_fr_bad_6.avi*32
kick_ball/likebeckam_kick_ball_f_nm_np1_fr_bad_19.avi*20
fall_floor/CastAway1_fall_floor_u_nm_np1_fr_med_11.avi*12
jump/prelinger_ControlY1950_jump_f_nm_np1_fr_bad_7.avi*19
dribble/Basketball_Dribbling_-_Basketball_Dribbling-_Practice_With_Tennis_Balls_dribble_f_nm_np1_le_med_2.avi*9
kiss/BestKisses_kiss_h_cm_np2_ri_goo_14.avi*22
jump/BATMAN_BEGINS_jump_f_cm_np1_ri_med_18.avi*19
hug/Calins_gratuits_a_Paris_-_Free_Hugs_France_-_version_longue_hug_u_cm_np3_le_med_28.avi*18
wave/Bush_Wave_vs__Obama_Wave_and_Which_Commander-in-chief_Salutes_the_Best__You_Decide_wave_u_cm_np1_fr_med_5.avi*50
run/TheLastManOnearth_run_f_cm_np1_ba_med_45.avi*32
walk/AllThePresidentMen_walk_u_nm_np1_le_med_0.avi*49
kick_ball/goal_2_part_1_kick_ball_f_cm_np1_fr_bad_1.avi*20
ride_horse/Paula_sHorsebackRidingLesson!7_22_08_ride_horse_f_cm_np1_ba_med_6.avi*31
catch/Torwarttraining_catch_u_cm_np1_ri_med_2.avi*2
sword_exercise/Highlander_Sword_School_wmv_sword_exercise_f_cm_np2_le_med_4.avi*44
sit/Oceans13_sit_u_nm_np1_fr_med_1.avi*37
pick/#122_Cleaning_Up_The_Beach_In_Chiba__Japan_pick_f_nm_np1_fr_bad_1.avi*24
run/THE_PROTECTOR_run_f_cm_np1_le_med_42.avi*32
fencing/Rapier_and_Rotella_(Shield)_Second_Bout_Nick_vs__Gareth_fencing_f_cm_np2_le_bad_4.avi*13
brush_hair/Olivia_Brushing_Hair_Playing_with_Evelyn_brush_hair_u_cm_np1_fr_goo_1.avi*0
jump/THE_PROTECTOR_jump_f_nm_np1_fr_bad_96.avi*19
golf/Natalie_Gulbis_1_golf_f_cm_np1_le_med_0.avi*15
sword_exercise/Highlander_Sword_School_wmv_sword_exercise_f_cm_np2_ri_med_3.avi*44
clap/Baby_Bob_kann_klatschen_!_clap_u_cm_np1_fr_med_1.avi*4
smile/Re-_Show_Your_Smile_smile_h_nm_np1_fr_goo_0.avi*39
walk/BIG_FISH_walk_f_nm_np1_fr_med_23.avi*49
flic_flac/JOAKIN_(air_tricks_extreme)_flic_flac_f_cm_np1_ba_med_5.avi*14
walk/50_FIRST_DATES_walk_f_cm_np1_fr_med_7.avi*49
catch/torwart_de-Camp_2009-_Training_hoher_B_lle_mit_Airbodies_catch_f_cm_np1_fr_bad_0.avi*2
chew/chewing_bubble_gum_chew_h_cm_np1_ri_bad_2.avi*3
run/TrumanShow_run_f_nm_np1_le_med_11.avi*32
chew/Fun_Chewing_Gum!_chew_h_nm_np1_fr_med_2.avi*3
climb/Kletterwand_climb_f_cm_np1_ba_goo_1.avi*6
climb/Jez__roof_climbing_in_Mile_End_climb_f_cm_np1_ba_med_1.avi*6
jump/TheBoondockSaints_jump_u_nm_np1_fr_bad_73.avi*19
drink/Veoh_Alpha_Dog_1_drink_u_nm_np1_fr_goo_40.avi*10
push/Pushing_train_-_Me_and_my_friend_-_Worlds_strongest_men_push_f_cm_np2_ri_bad_0.avi*28
walk/TheBoondockSaints_walk_u_cm_np1_ri_med_113.avi*49
shake_hands/Diane_Kruger_-_Letterman_shake_hands_f_cm_np2_le_med_0.avi*33
shake_hands/CSU_Cesar_Chavez_Day_Celebration_and_Award_Ceremony_2009_Part_7_shake_hands_f_nm_np2_le_med_0.avi*33
flic_flac/7_Flickflacks_flic_flac_f_cm_np1_le_med_2.avi*14
brush_hair/Lektion_3__-_Das_Haare_b_rsten_brush_hair_h_nm_np1_fr_med_2.avi*0
ride_horse/Paula_sHorsebackRidingLesson!7_22_08_ride_horse_f_cm_np1_ba_med_1.avi*31
smile/Smile!_smile_h_cm_np1_fr_goo_0.avi*39
sword/2006_Full_Contact_Medieval_Sword_Tournament_Final_sword_f_cm_np2_fr_bad_2.avi*45
sword/Stage_Combat_5_-_Sword_Fight_-_East_15_sword_f_cm_np2_le_bad_1.avi*45
dribble/Basketball_Dribbling_Tips__1_dribble_f_cm_np1_fr_med_0.avi*9
swing_baseball/Hittingadouble(BXbaseball)_swing_baseball_f_nm_np1_ba_bad_1.avi*43
walk/prideandprejudice1_walk_u_nm_np1_fr_med_13.avi*49
cartwheel/Monica_cartwheel_f_cm_np1_le_med_0.avi*1
turn/Oceans12_turn_h_nm_np1_fr_med_11.avi*48
handstand/Parada_de_mao_monstra_handstand_f_cm_np1_fr_med_0.avi*16
ride_horse/BackBreakingFun_ride_horse_f_cm_np1_le_med_0.avi*31
throw/baseballpitchslowmotion_throw_f_nm_np1_fr_med_0.avi*47
walk/50_FIRST_DATES_walk_f_cm_np1_le_med_33.avi*49
handstand/3-er_handstand_aua_handstand_u_cm_np3_ba_med_0.avi*16
walk/BLACK_HAWK_DOWN_walk_f_nm_np1_le_med_7.avi*49
clap/Deutscher_Klatsch_-_The_Clap_-_Lexy_clap_f_cm_np1_fr_med_5.avi*4
shake_hands/Wahlkampfauftakt_mit_Frank-Walter_Steinmeier_und_Matthias_Platzeck_in_Potsdam_shake_hands_u_cm_np2_fr_med_1.avi*33
kick_ball/Amazing_Soccer_#2_kick_ball_f_cm_np1_fr_bad_4.avi*20
walk/NOVA_ELEGANTUNIVERSE3_walk_f_nm_np1_ba_med_1.avi*49
shoot_gun/Glory_shoot_gun_u_nm_np2_le_med_57.avi*36
run/50_FIRST_DATES_run_f_nm_np1_fr_med_34.avi*32
clap/_Boom_Snap_Clap__challenge_clap_u_nm_np1_fr_med_1.avi*4
eat/RETURN_OF_THE_KING_eat_h_nm_np1_fr_goo_18.avi*11
pour/Video_Bartending_Guide_-_Kamikaze_Shot_Recipe_-_Vodka_Shots_pour_u_nm_np1_fr_med_0.avi*25
laugh/Best_Of_Skype_Laughter_Chain_laugh_h_nm_np2_fr_med_1.avi*23
fencing/Hamlet_(1996)_Fencing_Scenes_fencing_u_cm_np2_fr_med_2.avi*13
walk/prideandprejudice1_walk_u_nm_np1_le_med_15.avi*49
drink/TheBoondockSaints_drink_u_nm_np1_fr_med_75.avi*10
sword/Return_of_the_King_4_sword_u_cm_np1_ba_med_1.avi*45
somersault/MWG_Bodenturnen_somersault_f_cm_np2_ri_bad_1.avi*41
shoot_ball/LearnToShootFromTheMaster_shoot_ball_f_nm_np1_ba_med_1.avi*34
catch/Torwarttraining_3_(_sterreich)_catch_f_nm_np1_le_med_0.avi*2
run/The_Matrix_6_run_f_cm_np1_fr_med_2.avi*32
sword_exercise/Eishin-Ryu_Iaido_sword_exercise_f_cm_np1_ri_bad_1.avi*44
drink/AllThePresidentMen_drink_u_nm_np1_fr_goo_4.avi*10
smile/Smile_smile_h_cm_np1_fr_goo_0.avi*39
